// Jest Snapshot v1, https://goo.gl/fbAQLP

exports[`component renders as expected 1`] = `
.c0 {
  box-sizing: border-box;
  max-width: 50%;
  margin: 0 auto;
  padding: 0 2rem;
  display: -webkit-box;
  display: -webkit-flex;
  display: -ms-flexbox;
  display: flex;
  -webkit-flex-direction: column;
  -ms-flex-direction: column;
  flex-direction: column;
  -webkit-align-items: center;
  -webkit-box-align: center;
  -ms-flex-align: center;
  align-items: center;
}

.c2 {
  display: -webkit-box;
  display: -webkit-flex;
  display: -ms-flexbox;
  display: flex;
  -webkit-flex-direction: column;
  -ms-flex-direction: column;
  flex-direction: column;
  width: 100%;
}

.c3 {
  padding: 1rem;
  border: 1px solid #999;
  margin-bottom: 1rem;
  font-size: 0.8rem;
}

.c4 {
  background: linear-gradient(to bottom,#6371c7,#5563c1);
  border-color: #3f4eae;
  border-radius: 3px;
  padding: 1rem;
  color: white;
  font-weight: 700;
  width: 100%;
  margin-bottom: 1rem;
  font-size: 0.8rem;
}

.c1 {
  width: 80%;
  margin-bottom: 1rem;
}

<body>
  <div>
    <div
      class="c0"
    >
      <h1>
        Login Page
      </h1>
      <img
        class="c1"
        src="logo.jpg"
      />
      <div
        class="c2"
      >
        <input
          class="c3"
          placeholder="email"
          type="username"
          value=""
        />
        <input
          class="c3"
          placeholder="password"
          type="password"
          value=""
        />
        <button
          class="c4"
        >
          Sign In
        </button>
      </div>
    </div>
  </div>
</body>
`;
